--------------------------------------------------------------------------------
Release 14.5 Trace  (nt64)
Copyright (c) 1995-2012 Xilinx, Inc.  All rights reserved.

C:\Users\nadaa\Desktop\Programs\Xilinx\14.5\ISE_DS\ISE\bin\nt64\unwrapped\trce.exe
-intstyle ise -v 3 -s 2I -n 3 -fastpaths -xml ALU.twx ALU.ncd -o ALU.twr
ALU.pcf

Design file:              ALU.ncd
Physical constraint file: ALU.pcf
Device,package,speed:     xa7a100t,csg324,I,-2I (PRELIMINARY 1.05 2013-03-26)
Report level:             verbose report

Environment Variable      Effect 
--------------------      ------ 
NONE                      No environment variables were set
--------------------------------------------------------------------------------

INFO:Timing:2698 - No timing constraints found, doing default enumeration.
INFO:Timing:3412 - To improve timing, see the Timing Closure User Guide (UG612).
INFO:Timing:2752 - To get complete path coverage, use the unconstrained paths 
   option. All paths that are not constrained will be reported in the 
   unconstrained paths section(s) of the report.
INFO:Timing:3339 - The clock-to-out numbers in this timing report are based on 
   a 50 Ohm transmission line loading model.  For the details of this model, 
   and for more information on accounting for different loading conditions, 
   please see the device datasheet.



Data Sheet report:
-----------------
All values displayed in nanoseconds (ns)

Pad to Pad
---------------+---------------+---------+
Source Pad     |Destination Pad|  Delay  |
---------------+---------------+---------+
aluop<0>       |dataout<0>     |    9.009|
aluop<0>       |dataout<1>     |    7.862|
aluop<0>       |dataout<2>     |    7.717|
aluop<0>       |dataout<3>     |    8.032|
aluop<0>       |dataout<4>     |    6.577|
aluop<0>       |dataout<5>     |    6.825|
aluop<0>       |dataout<6>     |    7.395|
aluop<0>       |dataout<7>     |    8.424|
aluop<0>       |dataout<8>     |    9.142|
aluop<0>       |dataout<9>     |    9.154|
aluop<0>       |dataout<10>    |    7.967|
aluop<0>       |dataout<11>    |    9.407|
aluop<0>       |dataout<12>    |    9.605|
aluop<0>       |dataout<13>    |    8.717|
aluop<0>       |dataout<14>    |    8.247|
aluop<0>       |dataout<15>    |    8.649|
aluop<0>       |dataout<16>    |   10.418|
aluop<0>       |dataout<17>    |   10.444|
aluop<0>       |dataout<18>    |   10.470|
aluop<0>       |dataout<19>    |    9.930|
aluop<0>       |dataout<20>    |    9.503|
aluop<0>       |dataout<21>    |   10.093|
aluop<0>       |dataout<22>    |   10.240|
aluop<0>       |dataout<23>    |    9.853|
aluop<0>       |dataout<24>    |   11.148|
aluop<0>       |dataout<25>    |   10.320|
aluop<0>       |dataout<26>    |   10.846|
aluop<0>       |dataout<27>    |   10.880|
aluop<0>       |dataout<28>    |   10.795|
aluop<0>       |dataout<29>    |   10.907|
aluop<0>       |dataout<30>    |   10.551|
aluop<0>       |dataout<31>    |    9.910|
aluop<0>       |zflag          |   16.563|
aluop<1>       |dataout<0>     |    8.886|
aluop<1>       |dataout<1>     |    8.121|
aluop<1>       |dataout<2>     |    7.633|
aluop<1>       |dataout<3>     |    7.905|
aluop<1>       |dataout<4>     |    6.897|
aluop<1>       |dataout<5>     |    6.382|
aluop<1>       |dataout<6>     |    7.270|
aluop<1>       |dataout<7>     |    9.400|
aluop<1>       |dataout<8>     |    8.783|
aluop<1>       |dataout<9>     |    8.555|
aluop<1>       |dataout<10>    |    7.888|
aluop<1>       |dataout<11>    |    9.874|
aluop<1>       |dataout<12>    |    8.972|
aluop<1>       |dataout<13>    |    8.854|
aluop<1>       |dataout<14>    |    9.006|
aluop<1>       |dataout<15>    |    9.178|
aluop<1>       |dataout<16>    |   11.618|
aluop<1>       |dataout<17>    |   11.531|
aluop<1>       |dataout<18>    |   11.930|
aluop<1>       |dataout<19>    |   11.159|
aluop<1>       |dataout<20>    |   11.419|
aluop<1>       |dataout<21>    |   10.839|
aluop<1>       |dataout<22>    |   10.925|
aluop<1>       |dataout<23>    |   10.761|
aluop<1>       |dataout<24>    |   11.065|
aluop<1>       |dataout<25>    |   10.772|
aluop<1>       |dataout<26>    |   11.019|
aluop<1>       |dataout<27>    |   10.427|
aluop<1>       |dataout<28>    |   10.706|
aluop<1>       |dataout<29>    |   10.808|
aluop<1>       |dataout<30>    |   10.579|
aluop<1>       |dataout<31>    |   10.072|
aluop<1>       |zflag          |   16.436|
aluop<2>       |cflag          |   23.462|
aluop<2>       |dataout<0>     |   24.368|
aluop<2>       |dataout<1>     |    8.838|
aluop<2>       |dataout<2>     |    9.724|
aluop<2>       |dataout<3>     |   10.285|
aluop<2>       |dataout<4>     |   10.543|
aluop<2>       |dataout<5>     |   11.096|
aluop<2>       |dataout<6>     |   11.874|
aluop<2>       |dataout<7>     |   13.465|
aluop<2>       |dataout<8>     |   13.738|
aluop<2>       |dataout<9>     |   14.425|
aluop<2>       |dataout<10>    |   14.486|
aluop<2>       |dataout<11>    |   16.380|
aluop<2>       |dataout<12>    |   15.324|
aluop<2>       |dataout<13>    |   15.420|
aluop<2>       |dataout<14>    |   16.774|
aluop<2>       |dataout<15>    |   18.453|
aluop<2>       |dataout<16>    |   17.887|
aluop<2>       |dataout<17>    |   18.827|
aluop<2>       |dataout<18>    |   18.338|
aluop<2>       |dataout<19>    |   18.425|
aluop<2>       |dataout<20>    |   18.941|
aluop<2>       |dataout<21>    |   19.587|
aluop<2>       |dataout<22>    |   19.716|
aluop<2>       |dataout<23>    |   20.488|
aluop<2>       |dataout<24>    |   20.840|
aluop<2>       |dataout<25>    |   21.029|
aluop<2>       |dataout<26>    |   20.950|
aluop<2>       |dataout<27>    |   21.499|
aluop<2>       |dataout<28>    |   21.330|
aluop<2>       |dataout<29>    |   22.262|
aluop<2>       |dataout<30>    |   22.458|
aluop<2>       |dataout<31>    |   24.222|
aluop<2>       |oflag          |   23.460|
aluop<2>       |zflag          |   24.926|
aluop<3>       |cflag          |   21.602|
aluop<3>       |dataout<0>     |   22.508|
aluop<3>       |dataout<1>     |    8.440|
aluop<3>       |dataout<2>     |    7.864|
aluop<3>       |dataout<3>     |    8.425|
aluop<3>       |dataout<4>     |    8.683|
aluop<3>       |dataout<5>     |    9.236|
aluop<3>       |dataout<6>     |   10.014|
aluop<3>       |dataout<7>     |   11.605|
aluop<3>       |dataout<8>     |   11.878|
aluop<3>       |dataout<9>     |   12.565|
aluop<3>       |dataout<10>    |   12.626|
aluop<3>       |dataout<11>    |   14.520|
aluop<3>       |dataout<12>    |   13.464|
aluop<3>       |dataout<13>    |   13.560|
aluop<3>       |dataout<14>    |   14.914|
aluop<3>       |dataout<15>    |   16.593|
aluop<3>       |dataout<16>    |   16.027|
aluop<3>       |dataout<17>    |   16.967|
aluop<3>       |dataout<18>    |   16.478|
aluop<3>       |dataout<19>    |   16.565|
aluop<3>       |dataout<20>    |   17.081|
aluop<3>       |dataout<21>    |   17.727|
aluop<3>       |dataout<22>    |   17.856|
aluop<3>       |dataout<23>    |   18.628|
aluop<3>       |dataout<24>    |   18.980|
aluop<3>       |dataout<25>    |   19.169|
aluop<3>       |dataout<26>    |   19.090|
aluop<3>       |dataout<27>    |   19.639|
aluop<3>       |dataout<28>    |   19.470|
aluop<3>       |dataout<29>    |   20.402|
aluop<3>       |dataout<30>    |   20.598|
aluop<3>       |dataout<31>    |   22.362|
aluop<3>       |oflag          |   21.600|
aluop<3>       |zflag          |   23.066|
cin            |cflag          |   21.753|
cin            |dataout<0>     |   22.659|
cin            |dataout<1>     |    8.690|
cin            |dataout<2>     |    8.015|
cin            |dataout<3>     |    8.576|
cin            |dataout<4>     |    8.834|
cin            |dataout<5>     |    9.387|
cin            |dataout<6>     |   10.165|
cin            |dataout<7>     |   11.756|
cin            |dataout<8>     |   12.029|
cin            |dataout<9>     |   12.716|
cin            |dataout<10>    |   12.777|
cin            |dataout<11>    |   14.671|
cin            |dataout<12>    |   13.615|
cin            |dataout<13>    |   13.711|
cin            |dataout<14>    |   15.065|
cin            |dataout<15>    |   16.744|
cin            |dataout<16>    |   16.178|
cin            |dataout<17>    |   17.118|
cin            |dataout<18>    |   16.629|
cin            |dataout<19>    |   16.716|
cin            |dataout<20>    |   17.232|
cin            |dataout<21>    |   17.878|
cin            |dataout<22>    |   18.007|
cin            |dataout<23>    |   18.779|
cin            |dataout<24>    |   19.131|
cin            |dataout<25>    |   19.320|
cin            |dataout<26>    |   19.241|
cin            |dataout<27>    |   19.790|
cin            |dataout<28>    |   19.621|
cin            |dataout<29>    |   20.553|
cin            |dataout<30>    |   20.749|
cin            |dataout<31>    |   22.513|
cin            |oflag          |   21.751|
cin            |zflag          |   23.217|
data1<0>       |cflag          |   21.784|
data1<0>       |dataout<0>     |   22.690|
data1<0>       |dataout<1>     |    8.274|
data1<0>       |dataout<2>     |    8.046|
data1<0>       |dataout<3>     |    8.607|
data1<0>       |dataout<4>     |    8.865|
data1<0>       |dataout<5>     |    9.418|
data1<0>       |dataout<6>     |   10.196|
data1<0>       |dataout<7>     |   11.787|
data1<0>       |dataout<8>     |   12.060|
data1<0>       |dataout<9>     |   12.747|
data1<0>       |dataout<10>    |   12.808|
data1<0>       |dataout<11>    |   14.702|
data1<0>       |dataout<12>    |   13.646|
data1<0>       |dataout<13>    |   13.742|
data1<0>       |dataout<14>    |   15.096|
data1<0>       |dataout<15>    |   16.775|
data1<0>       |dataout<16>    |   16.209|
data1<0>       |dataout<17>    |   17.149|
data1<0>       |dataout<18>    |   16.660|
data1<0>       |dataout<19>    |   16.747|
data1<0>       |dataout<20>    |   17.263|
data1<0>       |dataout<21>    |   17.909|
data1<0>       |dataout<22>    |   18.038|
data1<0>       |dataout<23>    |   18.810|
data1<0>       |dataout<24>    |   19.162|
data1<0>       |dataout<25>    |   19.351|
data1<0>       |dataout<26>    |   19.272|
data1<0>       |dataout<27>    |   19.821|
data1<0>       |dataout<28>    |   19.652|
data1<0>       |dataout<29>    |   20.584|
data1<0>       |dataout<30>    |   20.780|
data1<0>       |dataout<31>    |   22.544|
data1<0>       |oflag          |   21.782|
data1<0>       |zflag          |   23.248|
data1<1>       |cflag          |   21.654|
data1<1>       |dataout<0>     |   22.560|
data1<1>       |dataout<1>     |    7.276|
data1<1>       |dataout<2>     |    7.916|
data1<1>       |dataout<3>     |    8.477|
data1<1>       |dataout<4>     |    8.735|
data1<1>       |dataout<5>     |    9.288|
data1<1>       |dataout<6>     |   10.066|
data1<1>       |dataout<7>     |   11.657|
data1<1>       |dataout<8>     |   11.930|
data1<1>       |dataout<9>     |   12.617|
data1<1>       |dataout<10>    |   12.678|
data1<1>       |dataout<11>    |   14.572|
data1<1>       |dataout<12>    |   13.516|
data1<1>       |dataout<13>    |   13.612|
data1<1>       |dataout<14>    |   14.966|
data1<1>       |dataout<15>    |   16.645|
data1<1>       |dataout<16>    |   16.079|
data1<1>       |dataout<17>    |   17.019|
data1<1>       |dataout<18>    |   16.530|
data1<1>       |dataout<19>    |   16.617|
data1<1>       |dataout<20>    |   17.133|
data1<1>       |dataout<21>    |   17.779|
data1<1>       |dataout<22>    |   17.908|
data1<1>       |dataout<23>    |   18.680|
data1<1>       |dataout<24>    |   19.032|
data1<1>       |dataout<25>    |   19.221|
data1<1>       |dataout<26>    |   19.142|
data1<1>       |dataout<27>    |   19.691|
data1<1>       |dataout<28>    |   19.522|
data1<1>       |dataout<29>    |   20.454|
data1<1>       |dataout<30>    |   20.650|
data1<1>       |dataout<31>    |   22.414|
data1<1>       |oflag          |   21.652|
data1<1>       |zflag          |   23.118|
data1<2>       |cflag          |   21.600|
data1<2>       |dataout<0>     |   22.506|
data1<2>       |dataout<2>     |    7.670|
data1<2>       |dataout<3>     |    8.194|
data1<2>       |dataout<4>     |    8.681|
data1<2>       |dataout<5>     |    9.234|
data1<2>       |dataout<6>     |   10.012|
data1<2>       |dataout<7>     |   11.603|
data1<2>       |dataout<8>     |   11.876|
data1<2>       |dataout<9>     |   12.563|
data1<2>       |dataout<10>    |   12.624|
data1<2>       |dataout<11>    |   14.518|
data1<2>       |dataout<12>    |   13.462|
data1<2>       |dataout<13>    |   13.558|
data1<2>       |dataout<14>    |   14.912|
data1<2>       |dataout<15>    |   16.591|
data1<2>       |dataout<16>    |   16.025|
data1<2>       |dataout<17>    |   16.965|
data1<2>       |dataout<18>    |   16.476|
data1<2>       |dataout<19>    |   16.563|
data1<2>       |dataout<20>    |   17.079|
data1<2>       |dataout<21>    |   17.725|
data1<2>       |dataout<22>    |   17.854|
data1<2>       |dataout<23>    |   18.626|
data1<2>       |dataout<24>    |   18.978|
data1<2>       |dataout<25>    |   19.167|
data1<2>       |dataout<26>    |   19.088|
data1<2>       |dataout<27>    |   19.637|
data1<2>       |dataout<28>    |   19.468|
data1<2>       |dataout<29>    |   20.400|
data1<2>       |dataout<30>    |   20.596|
data1<2>       |dataout<31>    |   22.360|
data1<2>       |oflag          |   21.598|
data1<2>       |zflag          |   23.064|
data1<3>       |cflag          |   21.358|
data1<3>       |dataout<0>     |   22.264|
data1<3>       |dataout<3>     |    7.812|
data1<3>       |dataout<4>     |    8.439|
data1<3>       |dataout<5>     |    8.992|
data1<3>       |dataout<6>     |    9.770|
data1<3>       |dataout<7>     |   11.361|
data1<3>       |dataout<8>     |   11.634|
data1<3>       |dataout<9>     |   12.321|
data1<3>       |dataout<10>    |   12.382|
data1<3>       |dataout<11>    |   14.276|
data1<3>       |dataout<12>    |   13.220|
data1<3>       |dataout<13>    |   13.316|
data1<3>       |dataout<14>    |   14.670|
data1<3>       |dataout<15>    |   16.349|
data1<3>       |dataout<16>    |   15.783|
data1<3>       |dataout<17>    |   16.723|
data1<3>       |dataout<18>    |   16.234|
data1<3>       |dataout<19>    |   16.321|
data1<3>       |dataout<20>    |   16.837|
data1<3>       |dataout<21>    |   17.483|
data1<3>       |dataout<22>    |   17.612|
data1<3>       |dataout<23>    |   18.384|
data1<3>       |dataout<24>    |   18.736|
data1<3>       |dataout<25>    |   18.925|
data1<3>       |dataout<26>    |   18.846|
data1<3>       |dataout<27>    |   19.395|
data1<3>       |dataout<28>    |   19.226|
data1<3>       |dataout<29>    |   20.158|
data1<3>       |dataout<30>    |   20.354|
data1<3>       |dataout<31>    |   22.118|
data1<3>       |oflag          |   21.356|
data1<3>       |zflag          |   22.822|
data1<4>       |cflag          |   19.057|
data1<4>       |dataout<0>     |   19.963|
data1<4>       |dataout<4>     |    7.009|
data1<4>       |dataout<5>     |    7.896|
data1<4>       |dataout<6>     |    7.469|
data1<4>       |dataout<7>     |    9.060|
data1<4>       |dataout<8>     |    9.333|
data1<4>       |dataout<9>     |   10.020|
data1<4>       |dataout<10>    |   10.081|
data1<4>       |dataout<11>    |   11.975|
data1<4>       |dataout<12>    |   10.919|
data1<4>       |dataout<13>    |   11.015|
data1<4>       |dataout<14>    |   12.369|
data1<4>       |dataout<15>    |   14.048|
data1<4>       |dataout<16>    |   13.482|
data1<4>       |dataout<17>    |   14.422|
data1<4>       |dataout<18>    |   13.933|
data1<4>       |dataout<19>    |   14.020|
data1<4>       |dataout<20>    |   14.536|
data1<4>       |dataout<21>    |   15.182|
data1<4>       |dataout<22>    |   15.311|
data1<4>       |dataout<23>    |   16.083|
data1<4>       |dataout<24>    |   16.435|
data1<4>       |dataout<25>    |   16.624|
data1<4>       |dataout<26>    |   16.545|
data1<4>       |dataout<27>    |   17.094|
data1<4>       |dataout<28>    |   16.925|
data1<4>       |dataout<29>    |   17.857|
data1<4>       |dataout<30>    |   18.053|
data1<4>       |dataout<31>    |   19.817|
data1<4>       |oflag          |   19.055|
data1<4>       |zflag          |   20.521|
data1<5>       |cflag          |   19.051|
data1<5>       |dataout<0>     |   19.957|
data1<5>       |dataout<5>     |    6.982|
data1<5>       |dataout<6>     |    7.463|
data1<5>       |dataout<7>     |    9.054|
data1<5>       |dataout<8>     |    9.327|
data1<5>       |dataout<9>     |   10.014|
data1<5>       |dataout<10>    |   10.075|
data1<5>       |dataout<11>    |   11.969|
data1<5>       |dataout<12>    |   10.913|
data1<5>       |dataout<13>    |   11.009|
data1<5>       |dataout<14>    |   12.363|
data1<5>       |dataout<15>    |   14.042|
data1<5>       |dataout<16>    |   13.476|
data1<5>       |dataout<17>    |   14.416|
data1<5>       |dataout<18>    |   13.927|
data1<5>       |dataout<19>    |   14.014|
data1<5>       |dataout<20>    |   14.530|
data1<5>       |dataout<21>    |   15.176|
data1<5>       |dataout<22>    |   15.305|
data1<5>       |dataout<23>    |   16.077|
data1<5>       |dataout<24>    |   16.429|
data1<5>       |dataout<25>    |   16.618|
data1<5>       |dataout<26>    |   16.539|
data1<5>       |dataout<27>    |   17.088|
data1<5>       |dataout<28>    |   16.919|
data1<5>       |dataout<29>    |   17.851|
data1<5>       |dataout<30>    |   18.047|
data1<5>       |dataout<31>    |   19.811|
data1<5>       |oflag          |   19.049|
data1<5>       |zflag          |   20.515|
data1<6>       |cflag          |   18.202|
data1<6>       |dataout<0>     |   19.108|
data1<6>       |dataout<6>     |    6.913|
data1<6>       |dataout<7>     |    8.232|
data1<6>       |dataout<8>     |    8.478|
data1<6>       |dataout<9>     |    9.165|
data1<6>       |dataout<10>    |    9.226|
data1<6>       |dataout<11>    |   11.120|
data1<6>       |dataout<12>    |   10.064|
data1<6>       |dataout<13>    |   10.160|
data1<6>       |dataout<14>    |   11.514|
data1<6>       |dataout<15>    |   13.193|
data1<6>       |dataout<16>    |   12.627|
data1<6>       |dataout<17>    |   13.567|
data1<6>       |dataout<18>    |   13.078|
data1<6>       |dataout<19>    |   13.165|
data1<6>       |dataout<20>    |   13.681|
data1<6>       |dataout<21>    |   14.327|
data1<6>       |dataout<22>    |   14.456|
data1<6>       |dataout<23>    |   15.228|
data1<6>       |dataout<24>    |   15.580|
data1<6>       |dataout<25>    |   15.769|
data1<6>       |dataout<26>    |   15.690|
data1<6>       |dataout<27>    |   16.239|
data1<6>       |dataout<28>    |   16.070|
data1<6>       |dataout<29>    |   17.002|
data1<6>       |dataout<30>    |   17.198|
data1<6>       |dataout<31>    |   18.962|
data1<6>       |oflag          |   18.200|
data1<6>       |zflag          |   19.666|
data1<7>       |cflag          |   17.965|
data1<7>       |dataout<0>     |   18.871|
data1<7>       |dataout<7>     |    7.385|
data1<7>       |dataout<8>     |    8.241|
data1<7>       |dataout<9>     |    8.928|
data1<7>       |dataout<10>    |    8.989|
data1<7>       |dataout<11>    |   10.883|
data1<7>       |dataout<12>    |    9.827|
data1<7>       |dataout<13>    |    9.923|
data1<7>       |dataout<14>    |   11.277|
data1<7>       |dataout<15>    |   12.956|
data1<7>       |dataout<16>    |   12.390|
data1<7>       |dataout<17>    |   13.330|
data1<7>       |dataout<18>    |   12.841|
data1<7>       |dataout<19>    |   12.928|
data1<7>       |dataout<20>    |   13.444|
data1<7>       |dataout<21>    |   14.090|
data1<7>       |dataout<22>    |   14.219|
data1<7>       |dataout<23>    |   14.991|
data1<7>       |dataout<24>    |   15.343|
data1<7>       |dataout<25>    |   15.532|
data1<7>       |dataout<26>    |   15.453|
data1<7>       |dataout<27>    |   16.002|
data1<7>       |dataout<28>    |   15.833|
data1<7>       |dataout<29>    |   16.765|
data1<7>       |dataout<30>    |   16.961|
data1<7>       |dataout<31>    |   18.725|
data1<7>       |oflag          |   17.963|
data1<7>       |zflag          |   19.429|
data1<8>       |cflag          |   16.614|
data1<8>       |dataout<0>     |   17.520|
data1<8>       |dataout<8>     |    6.970|
data1<8>       |dataout<9>     |    7.802|
data1<8>       |dataout<10>    |    7.638|
data1<8>       |dataout<11>    |    9.532|
data1<8>       |dataout<12>    |    8.476|
data1<8>       |dataout<13>    |    8.572|
data1<8>       |dataout<14>    |    9.926|
data1<8>       |dataout<15>    |   11.605|
data1<8>       |dataout<16>    |   11.039|
data1<8>       |dataout<17>    |   11.979|
data1<8>       |dataout<18>    |   11.490|
data1<8>       |dataout<19>    |   11.577|
data1<8>       |dataout<20>    |   12.093|
data1<8>       |dataout<21>    |   12.739|
data1<8>       |dataout<22>    |   12.868|
data1<8>       |dataout<23>    |   13.640|
data1<8>       |dataout<24>    |   13.992|
data1<8>       |dataout<25>    |   14.181|
data1<8>       |dataout<26>    |   14.102|
data1<8>       |dataout<27>    |   14.651|
data1<8>       |dataout<28>    |   14.482|
data1<8>       |dataout<29>    |   15.414|
data1<8>       |dataout<30>    |   15.610|
data1<8>       |dataout<31>    |   17.374|
data1<8>       |oflag          |   16.612|
data1<8>       |zflag          |   18.078|
data1<9>       |cflag          |   16.946|
data1<9>       |dataout<0>     |   17.852|
data1<9>       |dataout<9>     |    7.267|
data1<9>       |dataout<10>    |    7.970|
data1<9>       |dataout<11>    |    9.864|
data1<9>       |dataout<12>    |    8.808|
data1<9>       |dataout<13>    |    8.904|
data1<9>       |dataout<14>    |   10.258|
data1<9>       |dataout<15>    |   11.937|
data1<9>       |dataout<16>    |   11.371|
data1<9>       |dataout<17>    |   12.311|
data1<9>       |dataout<18>    |   11.822|
data1<9>       |dataout<19>    |   11.909|
data1<9>       |dataout<20>    |   12.425|
data1<9>       |dataout<21>    |   13.071|
data1<9>       |dataout<22>    |   13.200|
data1<9>       |dataout<23>    |   13.972|
data1<9>       |dataout<24>    |   14.324|
data1<9>       |dataout<25>    |   14.513|
data1<9>       |dataout<26>    |   14.434|
data1<9>       |dataout<27>    |   14.983|
data1<9>       |dataout<28>    |   14.814|
data1<9>       |dataout<29>    |   15.746|
data1<9>       |dataout<30>    |   15.942|
data1<9>       |dataout<31>    |   17.706|
data1<9>       |oflag          |   16.944|
data1<9>       |zflag          |   18.410|
data1<10>      |cflag          |   16.641|
data1<10>      |dataout<0>     |   17.547|
data1<10>      |dataout<10>    |    7.225|
data1<10>      |dataout<11>    |    8.724|
data1<10>      |dataout<12>    |    8.503|
data1<10>      |dataout<13>    |    8.599|
data1<10>      |dataout<14>    |    9.953|
data1<10>      |dataout<15>    |   11.632|
data1<10>      |dataout<16>    |   11.066|
data1<10>      |dataout<17>    |   12.006|
data1<10>      |dataout<18>    |   11.517|
data1<10>      |dataout<19>    |   11.604|
data1<10>      |dataout<20>    |   12.120|
data1<10>      |dataout<21>    |   12.766|
data1<10>      |dataout<22>    |   12.895|
data1<10>      |dataout<23>    |   13.667|
data1<10>      |dataout<24>    |   14.019|
data1<10>      |dataout<25>    |   14.208|
data1<10>      |dataout<26>    |   14.129|
data1<10>      |dataout<27>    |   14.678|
data1<10>      |dataout<28>    |   14.509|
data1<10>      |dataout<29>    |   15.441|
data1<10>      |dataout<30>    |   15.637|
data1<10>      |dataout<31>    |   17.401|
data1<10>      |oflag          |   16.639|
data1<10>      |zflag          |   18.105|
data1<11>      |cflag          |   16.607|
data1<11>      |dataout<0>     |   17.513|
data1<11>      |dataout<11>    |    8.122|
data1<11>      |dataout<12>    |    8.469|
data1<11>      |dataout<13>    |    8.565|
data1<11>      |dataout<14>    |    9.919|
data1<11>      |dataout<15>    |   11.598|
data1<11>      |dataout<16>    |   11.032|
data1<11>      |dataout<17>    |   11.972|
data1<11>      |dataout<18>    |   11.483|
data1<11>      |dataout<19>    |   11.570|
data1<11>      |dataout<20>    |   12.086|
data1<11>      |dataout<21>    |   12.732|
data1<11>      |dataout<22>    |   12.861|
data1<11>      |dataout<23>    |   13.633|
data1<11>      |dataout<24>    |   13.985|
data1<11>      |dataout<25>    |   14.174|
data1<11>      |dataout<26>    |   14.095|
data1<11>      |dataout<27>    |   14.644|
data1<11>      |dataout<28>    |   14.475|
data1<11>      |dataout<29>    |   15.407|
data1<11>      |dataout<30>    |   15.603|
data1<11>      |dataout<31>    |   17.367|
data1<11>      |oflag          |   16.605|
data1<11>      |zflag          |   18.071|
data1<12>      |cflag          |   15.587|
data1<12>      |dataout<0>     |   16.493|
data1<12>      |dataout<12>    |    7.907|
data1<12>      |dataout<13>    |    7.787|
data1<12>      |dataout<14>    |    8.899|
data1<12>      |dataout<15>    |   10.578|
data1<12>      |dataout<16>    |   10.012|
data1<12>      |dataout<17>    |   10.952|
data1<12>      |dataout<18>    |   10.463|
data1<12>      |dataout<19>    |   10.550|
data1<12>      |dataout<20>    |   11.066|
data1<12>      |dataout<21>    |   11.712|
data1<12>      |dataout<22>    |   11.841|
data1<12>      |dataout<23>    |   12.613|
data1<12>      |dataout<24>    |   12.965|
data1<12>      |dataout<25>    |   13.154|
data1<12>      |dataout<26>    |   13.075|
data1<12>      |dataout<27>    |   13.624|
data1<12>      |dataout<28>    |   13.455|
data1<12>      |dataout<29>    |   14.387|
data1<12>      |dataout<30>    |   14.583|
data1<12>      |dataout<31>    |   16.347|
data1<12>      |oflag          |   15.585|
data1<12>      |zflag          |   17.051|
data1<13>      |cflag          |   15.367|
data1<13>      |dataout<0>     |   16.273|
data1<13>      |dataout<13>    |    7.338|
data1<13>      |dataout<14>    |    8.679|
data1<13>      |dataout<15>    |   10.358|
data1<13>      |dataout<16>    |    9.792|
data1<13>      |dataout<17>    |   10.732|
data1<13>      |dataout<18>    |   10.243|
data1<13>      |dataout<19>    |   10.330|
data1<13>      |dataout<20>    |   10.846|
data1<13>      |dataout<21>    |   11.492|
data1<13>      |dataout<22>    |   11.621|
data1<13>      |dataout<23>    |   12.393|
data1<13>      |dataout<24>    |   12.745|
data1<13>      |dataout<25>    |   12.934|
data1<13>      |dataout<26>    |   12.855|
data1<13>      |dataout<27>    |   13.404|
data1<13>      |dataout<28>    |   13.235|
data1<13>      |dataout<29>    |   14.167|
data1<13>      |dataout<30>    |   14.363|
data1<13>      |dataout<31>    |   16.127|
data1<13>      |oflag          |   15.365|
data1<13>      |zflag          |   16.831|
data1<14>      |cflag          |   16.230|
data1<14>      |dataout<0>     |   17.136|
data1<14>      |dataout<14>    |    8.004|
data1<14>      |dataout<15>    |    9.750|
data1<14>      |dataout<16>    |   10.655|
data1<14>      |dataout<17>    |   11.595|
data1<14>      |dataout<18>    |   11.106|
data1<14>      |dataout<19>    |   11.193|
data1<14>      |dataout<20>    |   11.709|
data1<14>      |dataout<21>    |   12.355|
data1<14>      |dataout<22>    |   12.484|
data1<14>      |dataout<23>    |   13.256|
data1<14>      |dataout<24>    |   13.608|
data1<14>      |dataout<25>    |   13.797|
data1<14>      |dataout<26>    |   13.718|
data1<14>      |dataout<27>    |   14.267|
data1<14>      |dataout<28>    |   14.098|
data1<14>      |dataout<29>    |   15.030|
data1<14>      |dataout<30>    |   15.226|
data1<14>      |dataout<31>    |   16.990|
data1<14>      |oflag          |   16.228|
data1<14>      |zflag          |   17.694|
data1<15>      |cflag          |   16.276|
data1<15>      |dataout<0>     |   17.182|
data1<15>      |dataout<15>    |    8.667|
data1<15>      |dataout<16>    |   10.701|
data1<15>      |dataout<17>    |   11.641|
data1<15>      |dataout<18>    |   11.152|
data1<15>      |dataout<19>    |   11.239|
data1<15>      |dataout<20>    |   11.755|
data1<15>      |dataout<21>    |   12.401|
data1<15>      |dataout<22>    |   12.530|
data1<15>      |dataout<23>    |   13.302|
data1<15>      |dataout<24>    |   13.654|
data1<15>      |dataout<25>    |   13.843|
data1<15>      |dataout<26>    |   13.764|
data1<15>      |dataout<27>    |   14.313|
data1<15>      |dataout<28>    |   14.144|
data1<15>      |dataout<29>    |   15.076|
data1<15>      |dataout<30>    |   15.272|
data1<15>      |dataout<31>    |   17.036|
data1<15>      |oflag          |   16.274|
data1<15>      |zflag          |   17.740|
data1<16>      |cflag          |   13.594|
data1<16>      |dataout<0>     |   14.500|
data1<16>      |dataout<16>    |    7.831|
data1<16>      |dataout<17>    |    8.514|
data1<16>      |dataout<18>    |    8.470|
data1<16>      |dataout<19>    |    8.557|
data1<16>      |dataout<20>    |    9.073|
data1<16>      |dataout<21>    |    9.719|
data1<16>      |dataout<22>    |    9.848|
data1<16>      |dataout<23>    |   10.620|
data1<16>      |dataout<24>    |   10.972|
data1<16>      |dataout<25>    |   11.161|
data1<16>      |dataout<26>    |   11.082|
data1<16>      |dataout<27>    |   11.631|
data1<16>      |dataout<28>    |   11.462|
data1<16>      |dataout<29>    |   12.394|
data1<16>      |dataout<30>    |   12.590|
data1<16>      |dataout<31>    |   14.354|
data1<16>      |oflag          |   13.592|
data1<16>      |zflag          |   15.058|
data1<17>      |cflag          |   13.398|
data1<17>      |dataout<0>     |   14.304|
data1<17>      |dataout<17>    |    7.761|
data1<17>      |dataout<18>    |    8.274|
data1<17>      |dataout<19>    |    8.361|
data1<17>      |dataout<20>    |    8.877|
data1<17>      |dataout<21>    |    9.523|
data1<17>      |dataout<22>    |    9.652|
data1<17>      |dataout<23>    |   10.424|
data1<17>      |dataout<24>    |   10.776|
data1<17>      |dataout<25>    |   10.965|
data1<17>      |dataout<26>    |   10.886|
data1<17>      |dataout<27>    |   11.435|
data1<17>      |dataout<28>    |   11.266|
data1<17>      |dataout<29>    |   12.198|
data1<17>      |dataout<30>    |   12.394|
data1<17>      |dataout<31>    |   14.158|
data1<17>      |oflag          |   13.396|
data1<17>      |zflag          |   14.862|
data1<18>      |cflag          |   12.726|
data1<18>      |dataout<0>     |   13.632|
data1<18>      |dataout<18>    |    7.606|
data1<18>      |dataout<19>    |    7.920|
data1<18>      |dataout<20>    |    8.205|
data1<18>      |dataout<21>    |    8.851|
data1<18>      |dataout<22>    |    8.980|
data1<18>      |dataout<23>    |    9.752|
data1<18>      |dataout<24>    |   10.104|
data1<18>      |dataout<25>    |   10.293|
data1<18>      |dataout<26>    |   10.214|
data1<18>      |dataout<27>    |   10.763|
data1<18>      |dataout<28>    |   10.594|
data1<18>      |dataout<29>    |   11.526|
data1<18>      |dataout<30>    |   11.722|
data1<18>      |dataout<31>    |   13.486|
data1<18>      |oflag          |   12.724|
data1<18>      |zflag          |   14.190|
data1<19>      |cflag          |   13.070|
data1<19>      |dataout<0>     |   13.976|
data1<19>      |dataout<19>    |    7.200|
data1<19>      |dataout<20>    |    8.549|
data1<19>      |dataout<21>    |    9.195|
data1<19>      |dataout<22>    |    9.324|
data1<19>      |dataout<23>    |   10.096|
data1<19>      |dataout<24>    |   10.448|
data1<19>      |dataout<25>    |   10.637|
data1<19>      |dataout<26>    |   10.558|
data1<19>      |dataout<27>    |   11.107|
data1<19>      |dataout<28>    |   10.938|
data1<19>      |dataout<29>    |   11.870|
data1<19>      |dataout<30>    |   12.066|
data1<19>      |dataout<31>    |   13.830|
data1<19>      |oflag          |   13.068|
data1<19>      |zflag          |   14.534|
data1<20>      |cflag          |   12.215|
data1<20>      |dataout<0>     |   13.121|
data1<20>      |dataout<20>    |    7.609|
data1<20>      |dataout<21>    |    8.854|
data1<20>      |dataout<22>    |    8.469|
data1<20>      |dataout<23>    |    9.241|
data1<20>      |dataout<24>    |    9.593|
data1<20>      |dataout<25>    |    9.782|
data1<20>      |dataout<26>    |    9.703|
data1<20>      |dataout<27>    |   10.252|
data1<20>      |dataout<28>    |   10.083|
data1<20>      |dataout<29>    |   11.015|
data1<20>      |dataout<30>    |   11.211|
data1<20>      |dataout<31>    |   12.975|
data1<20>      |oflag          |   12.213|
data1<20>      |zflag          |   13.679|
data1<21>      |cflag          |   11.877|
data1<21>      |dataout<0>     |   12.783|
data1<21>      |dataout<21>    |    7.266|
data1<21>      |dataout<22>    |    8.131|
data1<21>      |dataout<23>    |    8.903|
data1<21>      |dataout<24>    |    9.255|
data1<21>      |dataout<25>    |    9.444|
data1<21>      |dataout<26>    |    9.365|
data1<21>      |dataout<27>    |    9.914|
data1<21>      |dataout<28>    |    9.745|
data1<21>      |dataout<29>    |   10.677|
data1<21>      |dataout<30>    |   10.873|
data1<21>      |dataout<31>    |   12.637|
data1<21>      |oflag          |   11.875|
data1<21>      |zflag          |   13.341|
data1<22>      |cflag          |   11.679|
data1<22>      |dataout<0>     |   12.585|
data1<22>      |dataout<22>    |    7.831|
data1<22>      |dataout<23>    |    8.316|
data1<22>      |dataout<24>    |    9.057|
data1<22>      |dataout<25>    |    9.246|
data1<22>      |dataout<26>    |    9.167|
data1<22>      |dataout<27>    |    9.716|
data1<22>      |dataout<28>    |    9.547|
data1<22>      |dataout<29>    |   10.479|
data1<22>      |dataout<30>    |   10.675|
data1<22>      |dataout<31>    |   12.439|
data1<22>      |oflag          |   11.677|
data1<22>      |zflag          |   13.143|
data1<23>      |cflag          |   11.618|
data1<23>      |dataout<0>     |   12.524|
data1<23>      |dataout<23>    |    6.679|
data1<23>      |dataout<24>    |    8.996|
data1<23>      |dataout<25>    |    9.185|
data1<23>      |dataout<26>    |    9.106|
data1<23>      |dataout<27>    |    9.655|
data1<23>      |dataout<28>    |    9.486|
data1<23>      |dataout<29>    |   10.418|
data1<23>      |dataout<30>    |   10.614|
data1<23>      |dataout<31>    |   12.378|
data1<23>      |oflag          |   11.616|
data1<23>      |zflag          |   13.082|
data1<24>      |cflag          |   10.173|
data1<24>      |dataout<0>     |   11.079|
data1<24>      |dataout<24>    |    8.022|
data1<24>      |dataout<25>    |    8.221|
data1<24>      |dataout<26>    |    7.661|
data1<24>      |dataout<27>    |    8.210|
data1<24>      |dataout<28>    |    8.041|
data1<24>      |dataout<29>    |    8.973|
data1<24>      |dataout<30>    |    9.169|
data1<24>      |dataout<31>    |   10.933|
data1<24>      |oflag          |   10.171|
data1<24>      |zflag          |   11.637|
data1<25>      |cflag          |   10.204|
data1<25>      |dataout<0>     |   11.110|
data1<25>      |dataout<25>    |    7.486|
data1<25>      |dataout<26>    |    7.692|
data1<25>      |dataout<27>    |    8.241|
data1<25>      |dataout<28>    |    8.072|
data1<25>      |dataout<29>    |    9.004|
data1<25>      |dataout<30>    |    9.200|
data1<25>      |dataout<31>    |   10.964|
data1<25>      |oflag          |   10.202|
data1<25>      |zflag          |   11.668|
data1<26>      |cflag          |   10.020|
data1<26>      |dataout<0>     |   10.926|
data1<26>      |dataout<26>    |    7.528|
data1<26>      |dataout<27>    |    7.527|
data1<26>      |dataout<28>    |    7.888|
data1<26>      |dataout<29>    |    8.820|
data1<26>      |dataout<30>    |    9.016|
data1<26>      |dataout<31>    |   10.780|
data1<26>      |oflag          |   10.018|
data1<26>      |zflag          |   11.484|
data1<27>      |cflag          |    9.903|
data1<27>      |dataout<0>     |   10.809|
data1<27>      |dataout<27>    |    6.938|
data1<27>      |dataout<28>    |    7.771|
data1<27>      |dataout<29>    |    8.703|
data1<27>      |dataout<30>    |    8.899|
data1<27>      |dataout<31>    |   10.663|
data1<27>      |oflag          |    9.901|
data1<27>      |zflag          |   11.367|
data1<28>      |cflag          |    9.069|
data1<28>      |dataout<0>     |    9.975|
data1<28>      |dataout<28>    |    7.396|
data1<28>      |dataout<29>    |    7.546|
data1<28>      |dataout<30>    |    8.065|
data1<28>      |dataout<31>    |    9.829|
data1<28>      |oflag          |    9.067|
data1<28>      |zflag          |   10.533|
data1<29>      |cflag          |    9.555|
data1<29>      |dataout<0>     |   10.461|
data1<29>      |dataout<29>    |    7.468|
data1<29>      |dataout<30>    |    8.551|
data1<29>      |dataout<31>    |   10.315|
data1<29>      |oflag          |    9.553|
data1<29>      |zflag          |   11.019|
data1<30>      |cflag          |    9.400|
data1<30>      |dataout<0>     |   10.306|
data1<30>      |dataout<30>    |    7.753|
data1<30>      |dataout<31>    |   10.160|
data1<30>      |oflag          |    9.398|
data1<30>      |zflag          |   10.864|
data1<31>      |cflag          |    7.643|
data1<31>      |dataout<0>     |    8.542|
data1<31>      |dataout<31>    |    8.981|
data1<31>      |oflag          |    8.020|
data1<31>      |zflag          |    9.685|
data2<0>       |cflag          |   23.443|
data2<0>       |dataout<0>     |   24.349|
data2<0>       |dataout<1>     |    8.579|
data2<0>       |dataout<2>     |    9.705|
data2<0>       |dataout<3>     |   10.266|
data2<0>       |dataout<4>     |   10.524|
data2<0>       |dataout<5>     |   11.077|
data2<0>       |dataout<6>     |   11.855|
data2<0>       |dataout<7>     |   13.446|
data2<0>       |dataout<8>     |   13.719|
data2<0>       |dataout<9>     |   14.406|
data2<0>       |dataout<10>    |   14.467|
data2<0>       |dataout<11>    |   16.361|
data2<0>       |dataout<12>    |   15.305|
data2<0>       |dataout<13>    |   15.401|
data2<0>       |dataout<14>    |   16.755|
data2<0>       |dataout<15>    |   18.434|
data2<0>       |dataout<16>    |   17.868|
data2<0>       |dataout<17>    |   18.808|
data2<0>       |dataout<18>    |   18.319|
data2<0>       |dataout<19>    |   18.406|
data2<0>       |dataout<20>    |   18.922|
data2<0>       |dataout<21>    |   19.568|
data2<0>       |dataout<22>    |   19.697|
data2<0>       |dataout<23>    |   20.469|
data2<0>       |dataout<24>    |   20.821|
data2<0>       |dataout<25>    |   21.010|
data2<0>       |dataout<26>    |   20.931|
data2<0>       |dataout<27>    |   21.480|
data2<0>       |dataout<28>    |   21.311|
data2<0>       |dataout<29>    |   22.243|
data2<0>       |dataout<30>    |   22.439|
data2<0>       |dataout<31>    |   24.203|
data2<0>       |oflag          |   23.441|
data2<0>       |zflag          |   24.907|
data2<1>       |cflag          |   22.399|
data2<1>       |dataout<0>     |   23.305|
data2<1>       |dataout<1>     |    8.427|
data2<1>       |dataout<2>     |    8.661|
data2<1>       |dataout<3>     |    9.222|
data2<1>       |dataout<4>     |    9.480|
data2<1>       |dataout<5>     |   10.033|
data2<1>       |dataout<6>     |   10.811|
data2<1>       |dataout<7>     |   12.402|
data2<1>       |dataout<8>     |   12.675|
data2<1>       |dataout<9>     |   13.362|
data2<1>       |dataout<10>    |   13.423|
data2<1>       |dataout<11>    |   15.317|
data2<1>       |dataout<12>    |   14.261|
data2<1>       |dataout<13>    |   14.357|
data2<1>       |dataout<14>    |   15.711|
data2<1>       |dataout<15>    |   17.390|
data2<1>       |dataout<16>    |   16.824|
data2<1>       |dataout<17>    |   17.764|
data2<1>       |dataout<18>    |   17.275|
data2<1>       |dataout<19>    |   17.362|
data2<1>       |dataout<20>    |   17.878|
data2<1>       |dataout<21>    |   18.524|
data2<1>       |dataout<22>    |   18.653|
data2<1>       |dataout<23>    |   19.425|
data2<1>       |dataout<24>    |   19.777|
data2<1>       |dataout<25>    |   19.966|
data2<1>       |dataout<26>    |   19.887|
data2<1>       |dataout<27>    |   20.436|
data2<1>       |dataout<28>    |   20.267|
data2<1>       |dataout<29>    |   21.199|
data2<1>       |dataout<30>    |   21.395|
data2<1>       |dataout<31>    |   23.159|
data2<1>       |oflag          |   22.397|
data2<1>       |zflag          |   23.863|
data2<2>       |cflag          |   21.074|
data2<2>       |dataout<0>     |   21.980|
data2<2>       |dataout<2>     |    7.179|
data2<2>       |dataout<3>     |    7.442|
data2<2>       |dataout<4>     |    8.155|
data2<2>       |dataout<5>     |    8.708|
data2<2>       |dataout<6>     |    9.486|
data2<2>       |dataout<7>     |   11.077|
data2<2>       |dataout<8>     |   11.350|
data2<2>       |dataout<9>     |   12.037|
data2<2>       |dataout<10>    |   12.098|
data2<2>       |dataout<11>    |   13.992|
data2<2>       |dataout<12>    |   12.936|
data2<2>       |dataout<13>    |   13.032|
data2<2>       |dataout<14>    |   14.386|
data2<2>       |dataout<15>    |   16.065|
data2<2>       |dataout<16>    |   15.499|
data2<2>       |dataout<17>    |   16.439|
data2<2>       |dataout<18>    |   15.950|
data2<2>       |dataout<19>    |   16.037|
data2<2>       |dataout<20>    |   16.553|
data2<2>       |dataout<21>    |   17.199|
data2<2>       |dataout<22>    |   17.328|
data2<2>       |dataout<23>    |   18.100|
data2<2>       |dataout<24>    |   18.452|
data2<2>       |dataout<25>    |   18.641|
data2<2>       |dataout<26>    |   18.562|
data2<2>       |dataout<27>    |   19.111|
data2<2>       |dataout<28>    |   18.942|
data2<2>       |dataout<29>    |   19.874|
data2<2>       |dataout<30>    |   20.070|
data2<2>       |dataout<31>    |   21.834|
data2<2>       |oflag          |   21.072|
data2<2>       |zflag          |   22.538|
data2<3>       |cflag          |   22.568|
data2<3>       |dataout<0>     |   23.474|
data2<3>       |dataout<3>     |    8.416|
data2<3>       |dataout<4>     |    9.649|
data2<3>       |dataout<5>     |   10.202|
data2<3>       |dataout<6>     |   10.980|
data2<3>       |dataout<7>     |   12.571|
data2<3>       |dataout<8>     |   12.844|
data2<3>       |dataout<9>     |   13.531|
data2<3>       |dataout<10>    |   13.592|
data2<3>       |dataout<11>    |   15.486|
data2<3>       |dataout<12>    |   14.430|
data2<3>       |dataout<13>    |   14.526|
data2<3>       |dataout<14>    |   15.880|
data2<3>       |dataout<15>    |   17.559|
data2<3>       |dataout<16>    |   16.993|
data2<3>       |dataout<17>    |   17.933|
data2<3>       |dataout<18>    |   17.444|
data2<3>       |dataout<19>    |   17.531|
data2<3>       |dataout<20>    |   18.047|
data2<3>       |dataout<21>    |   18.693|
data2<3>       |dataout<22>    |   18.822|
data2<3>       |dataout<23>    |   19.594|
data2<3>       |dataout<24>    |   19.946|
data2<3>       |dataout<25>    |   20.135|
data2<3>       |dataout<26>    |   20.056|
data2<3>       |dataout<27>    |   20.605|
data2<3>       |dataout<28>    |   20.436|
data2<3>       |dataout<29>    |   21.368|
data2<3>       |dataout<30>    |   21.564|
data2<3>       |dataout<31>    |   23.328|
data2<3>       |oflag          |   22.566|
data2<3>       |zflag          |   24.032|
data2<4>       |cflag          |   20.316|
data2<4>       |dataout<0>     |   21.222|
data2<4>       |dataout<4>     |    7.708|
data2<4>       |dataout<5>     |    7.962|
data2<4>       |dataout<6>     |    8.728|
data2<4>       |dataout<7>     |   10.319|
data2<4>       |dataout<8>     |   10.592|
data2<4>       |dataout<9>     |   11.279|
data2<4>       |dataout<10>    |   11.340|
data2<4>       |dataout<11>    |   13.234|
data2<4>       |dataout<12>    |   12.178|
data2<4>       |dataout<13>    |   12.274|
data2<4>       |dataout<14>    |   13.628|
data2<4>       |dataout<15>    |   15.307|
data2<4>       |dataout<16>    |   14.741|
data2<4>       |dataout<17>    |   15.681|
data2<4>       |dataout<18>    |   15.192|
data2<4>       |dataout<19>    |   15.279|
data2<4>       |dataout<20>    |   15.795|
data2<4>       |dataout<21>    |   16.441|
data2<4>       |dataout<22>    |   16.570|
data2<4>       |dataout<23>    |   17.342|
data2<4>       |dataout<24>    |   17.694|
data2<4>       |dataout<25>    |   17.883|
data2<4>       |dataout<26>    |   17.804|
data2<4>       |dataout<27>    |   18.353|
data2<4>       |dataout<28>    |   18.184|
data2<4>       |dataout<29>    |   19.116|
data2<4>       |dataout<30>    |   19.312|
data2<4>       |dataout<31>    |   21.076|
data2<4>       |oflag          |   20.314|
data2<4>       |zflag          |   21.780|
data2<5>       |cflag          |   21.260|
data2<5>       |dataout<0>     |   22.166|
data2<5>       |dataout<5>     |    9.056|
data2<5>       |dataout<6>     |    9.672|
data2<5>       |dataout<7>     |   11.263|
data2<5>       |dataout<8>     |   11.536|
data2<5>       |dataout<9>     |   12.223|
data2<5>       |dataout<10>    |   12.284|
data2<5>       |dataout<11>    |   14.178|
data2<5>       |dataout<12>    |   13.122|
data2<5>       |dataout<13>    |   13.218|
data2<5>       |dataout<14>    |   14.572|
data2<5>       |dataout<15>    |   16.251|
data2<5>       |dataout<16>    |   15.685|
data2<5>       |dataout<17>    |   16.625|
data2<5>       |dataout<18>    |   16.136|
data2<5>       |dataout<19>    |   16.223|
data2<5>       |dataout<20>    |   16.739|
data2<5>       |dataout<21>    |   17.385|
data2<5>       |dataout<22>    |   17.514|
data2<5>       |dataout<23>    |   18.286|
data2<5>       |dataout<24>    |   18.638|
data2<5>       |dataout<25>    |   18.827|
data2<5>       |dataout<26>    |   18.748|
data2<5>       |dataout<27>    |   19.297|
data2<5>       |dataout<28>    |   19.128|
data2<5>       |dataout<29>    |   20.060|
data2<5>       |dataout<30>    |   20.256|
data2<5>       |dataout<31>    |   22.020|
data2<5>       |oflag          |   21.258|
data2<5>       |zflag          |   22.724|
data2<6>       |cflag          |   17.718|
data2<6>       |dataout<0>     |   18.624|
data2<6>       |dataout<6>     |    6.431|
data2<6>       |dataout<7>     |    7.412|
data2<6>       |dataout<8>     |    7.994|
data2<6>       |dataout<9>     |    8.681|
data2<6>       |dataout<10>    |    8.742|
data2<6>       |dataout<11>    |   10.636|
data2<6>       |dataout<12>    |    9.580|
data2<6>       |dataout<13>    |    9.676|
data2<6>       |dataout<14>    |   11.030|
data2<6>       |dataout<15>    |   12.709|
data2<6>       |dataout<16>    |   12.143|
data2<6>       |dataout<17>    |   13.083|
data2<6>       |dataout<18>    |   12.594|
data2<6>       |dataout<19>    |   12.681|
data2<6>       |dataout<20>    |   13.197|
data2<6>       |dataout<21>    |   13.843|
data2<6>       |dataout<22>    |   13.972|
data2<6>       |dataout<23>    |   14.744|
data2<6>       |dataout<24>    |   15.096|
data2<6>       |dataout<25>    |   15.285|
data2<6>       |dataout<26>    |   15.206|
data2<6>       |dataout<27>    |   15.755|
data2<6>       |dataout<28>    |   15.586|
data2<6>       |dataout<29>    |   16.518|
data2<6>       |dataout<30>    |   16.714|
data2<6>       |dataout<31>    |   18.478|
data2<6>       |oflag          |   17.716|
data2<6>       |zflag          |   19.182|
data2<7>       |cflag          |   18.996|
data2<7>       |dataout<0>     |   19.902|
data2<7>       |dataout<7>     |    7.613|
data2<7>       |dataout<8>     |    9.272|
data2<7>       |dataout<9>     |    9.959|
data2<7>       |dataout<10>    |   10.020|
data2<7>       |dataout<11>    |   11.914|
data2<7>       |dataout<12>    |   10.858|
data2<7>       |dataout<13>    |   10.954|
data2<7>       |dataout<14>    |   12.308|
data2<7>       |dataout<15>    |   13.987|
data2<7>       |dataout<16>    |   13.421|
data2<7>       |dataout<17>    |   14.361|
data2<7>       |dataout<18>    |   13.872|
data2<7>       |dataout<19>    |   13.959|
data2<7>       |dataout<20>    |   14.475|
data2<7>       |dataout<21>    |   15.121|
data2<7>       |dataout<22>    |   15.250|
data2<7>       |dataout<23>    |   16.022|
data2<7>       |dataout<24>    |   16.374|
data2<7>       |dataout<25>    |   16.563|
data2<7>       |dataout<26>    |   16.484|
data2<7>       |dataout<27>    |   17.033|
data2<7>       |dataout<28>    |   16.864|
data2<7>       |dataout<29>    |   17.796|
data2<7>       |dataout<30>    |   17.992|
data2<7>       |dataout<31>    |   19.756|
data2<7>       |oflag          |   18.994|
data2<7>       |zflag          |   20.460|
data2<8>       |cflag          |   17.084|
data2<8>       |dataout<0>     |   17.990|
data2<8>       |dataout<8>     |    6.903|
data2<8>       |dataout<9>     |    7.155|
data2<8>       |dataout<10>    |    8.108|
data2<8>       |dataout<11>    |   10.002|
data2<8>       |dataout<12>    |    8.946|
data2<8>       |dataout<13>    |    9.042|
data2<8>       |dataout<14>    |   10.396|
data2<8>       |dataout<15>    |   12.075|
data2<8>       |dataout<16>    |   11.509|
data2<8>       |dataout<17>    |   12.449|
data2<8>       |dataout<18>    |   11.960|
data2<8>       |dataout<19>    |   12.047|
data2<8>       |dataout<20>    |   12.563|
data2<8>       |dataout<21>    |   13.209|
data2<8>       |dataout<22>    |   13.338|
data2<8>       |dataout<23>    |   14.110|
data2<8>       |dataout<24>    |   14.462|
data2<8>       |dataout<25>    |   14.651|
data2<8>       |dataout<26>    |   14.572|
data2<8>       |dataout<27>    |   15.121|
data2<8>       |dataout<28>    |   14.952|
data2<8>       |dataout<29>    |   15.884|
data2<8>       |dataout<30>    |   16.080|
data2<8>       |dataout<31>    |   17.844|
data2<8>       |oflag          |   17.082|
data2<8>       |zflag          |   18.548|
data2<9>       |cflag          |   18.079|
data2<9>       |dataout<0>     |   18.985|
data2<9>       |dataout<9>     |    8.264|
data2<9>       |dataout<10>    |    9.103|
data2<9>       |dataout<11>    |   10.997|
data2<9>       |dataout<12>    |    9.941|
data2<9>       |dataout<13>    |   10.037|
data2<9>       |dataout<14>    |   11.391|
data2<9>       |dataout<15>    |   13.070|
data2<9>       |dataout<16>    |   12.504|
data2<9>       |dataout<17>    |   13.444|
data2<9>       |dataout<18>    |   12.955|
data2<9>       |dataout<19>    |   13.042|
data2<9>       |dataout<20>    |   13.558|
data2<9>       |dataout<21>    |   14.204|
data2<9>       |dataout<22>    |   14.333|
data2<9>       |dataout<23>    |   15.105|
data2<9>       |dataout<24>    |   15.457|
data2<9>       |dataout<25>    |   15.646|
data2<9>       |dataout<26>    |   15.567|
data2<9>       |dataout<27>    |   16.116|
data2<9>       |dataout<28>    |   15.947|
data2<9>       |dataout<29>    |   16.879|
data2<9>       |dataout<30>    |   17.075|
data2<9>       |dataout<31>    |   18.839|
data2<9>       |oflag          |   18.077|
data2<9>       |zflag          |   19.543|
data2<10>      |cflag          |   17.293|
data2<10>      |dataout<0>     |   18.199|
data2<10>      |dataout<10>    |    7.970|
data2<10>      |dataout<11>    |    8.429|
data2<10>      |dataout<12>    |    9.155|
data2<10>      |dataout<13>    |    9.251|
data2<10>      |dataout<14>    |   10.605|
data2<10>      |dataout<15>    |   12.284|
data2<10>      |dataout<16>    |   11.718|
data2<10>      |dataout<17>    |   12.658|
data2<10>      |dataout<18>    |   12.169|
data2<10>      |dataout<19>    |   12.256|
data2<10>      |dataout<20>    |   12.772|
data2<10>      |dataout<21>    |   13.418|
data2<10>      |dataout<22>    |   13.547|
data2<10>      |dataout<23>    |   14.319|
data2<10>      |dataout<24>    |   14.671|
data2<10>      |dataout<25>    |   14.860|
data2<10>      |dataout<26>    |   14.781|
data2<10>      |dataout<27>    |   15.330|
data2<10>      |dataout<28>    |   15.161|
data2<10>      |dataout<29>    |   16.093|
data2<10>      |dataout<30>    |   16.289|
data2<10>      |dataout<31>    |   18.053|
data2<10>      |oflag          |   17.291|
data2<10>      |zflag          |   18.757|
data2<11>      |cflag          |   17.115|
data2<11>      |dataout<0>     |   18.021|
data2<11>      |dataout<11>    |    8.305|
data2<11>      |dataout<12>    |    8.977|
data2<11>      |dataout<13>    |    9.073|
data2<11>      |dataout<14>    |   10.427|
data2<11>      |dataout<15>    |   12.106|
data2<11>      |dataout<16>    |   11.540|
data2<11>      |dataout<17>    |   12.480|
data2<11>      |dataout<18>    |   11.991|
data2<11>      |dataout<19>    |   12.078|
data2<11>      |dataout<20>    |   12.594|
data2<11>      |dataout<21>    |   13.240|
data2<11>      |dataout<22>    |   13.369|
data2<11>      |dataout<23>    |   14.141|
data2<11>      |dataout<24>    |   14.493|
data2<11>      |dataout<25>    |   14.682|
data2<11>      |dataout<26>    |   14.603|
data2<11>      |dataout<27>    |   15.152|
data2<11>      |dataout<28>    |   14.983|
data2<11>      |dataout<29>    |   15.915|
data2<11>      |dataout<30>    |   16.111|
data2<11>      |dataout<31>    |   17.875|
data2<11>      |oflag          |   17.113|
data2<11>      |zflag          |   18.579|
data2<12>      |cflag          |   16.042|
data2<12>      |dataout<0>     |   16.948|
data2<12>      |dataout<12>    |    7.760|
data2<12>      |dataout<13>    |    7.522|
data2<12>      |dataout<14>    |    9.354|
data2<12>      |dataout<15>    |   11.033|
data2<12>      |dataout<16>    |   10.467|
data2<12>      |dataout<17>    |   11.407|
data2<12>      |dataout<18>    |   10.918|
data2<12>      |dataout<19>    |   11.005|
data2<12>      |dataout<20>    |   11.521|
data2<12>      |dataout<21>    |   12.167|
data2<12>      |dataout<22>    |   12.296|
data2<12>      |dataout<23>    |   13.068|
data2<12>      |dataout<24>    |   13.420|
data2<12>      |dataout<25>    |   13.609|
data2<12>      |dataout<26>    |   13.530|
data2<12>      |dataout<27>    |   14.079|
data2<12>      |dataout<28>    |   13.910|
data2<12>      |dataout<29>    |   14.842|
data2<12>      |dataout<30>    |   15.038|
data2<12>      |dataout<31>    |   16.802|
data2<12>      |oflag          |   16.040|
data2<12>      |zflag          |   17.506|
data2<13>      |cflag          |   16.036|
data2<13>      |dataout<0>     |   16.942|
data2<13>      |dataout<13>    |    8.203|
data2<13>      |dataout<14>    |    9.348|
data2<13>      |dataout<15>    |   11.027|
data2<13>      |dataout<16>    |   10.461|
data2<13>      |dataout<17>    |   11.401|
data2<13>      |dataout<18>    |   10.912|
data2<13>      |dataout<19>    |   10.999|
data2<13>      |dataout<20>    |   11.515|
data2<13>      |dataout<21>    |   12.161|
data2<13>      |dataout<22>    |   12.290|
data2<13>      |dataout<23>    |   13.062|
data2<13>      |dataout<24>    |   13.414|
data2<13>      |dataout<25>    |   13.603|
data2<13>      |dataout<26>    |   13.524|
data2<13>      |dataout<27>    |   14.073|
data2<13>      |dataout<28>    |   13.904|
data2<13>      |dataout<29>    |   14.836|
data2<13>      |dataout<30>    |   15.032|
data2<13>      |dataout<31>    |   16.796|
data2<13>      |oflag          |   16.034|
data2<13>      |zflag          |   17.500|
data2<14>      |cflag          |   15.925|
data2<14>      |dataout<0>     |   16.831|
data2<14>      |dataout<14>    |    8.065|
data2<14>      |dataout<15>    |    9.452|
data2<14>      |dataout<16>    |   10.350|
data2<14>      |dataout<17>    |   11.290|
data2<14>      |dataout<18>    |   10.801|
data2<14>      |dataout<19>    |   10.888|
data2<14>      |dataout<20>    |   11.404|
data2<14>      |dataout<21>    |   12.050|
data2<14>      |dataout<22>    |   12.179|
data2<14>      |dataout<23>    |   12.951|
data2<14>      |dataout<24>    |   13.303|
data2<14>      |dataout<25>    |   13.492|
data2<14>      |dataout<26>    |   13.413|
data2<14>      |dataout<27>    |   13.962|
data2<14>      |dataout<28>    |   13.793|
data2<14>      |dataout<29>    |   14.725|
data2<14>      |dataout<30>    |   14.921|
data2<14>      |dataout<31>    |   16.685|
data2<14>      |oflag          |   15.923|
data2<14>      |zflag          |   17.389|
data2<15>      |cflag          |   17.249|
data2<15>      |dataout<0>     |   18.155|
data2<15>      |dataout<15>    |   10.419|
data2<15>      |dataout<16>    |   11.674|
data2<15>      |dataout<17>    |   12.614|
data2<15>      |dataout<18>    |   12.125|
data2<15>      |dataout<19>    |   12.212|
data2<15>      |dataout<20>    |   12.728|
data2<15>      |dataout<21>    |   13.374|
data2<15>      |dataout<22>    |   13.503|
data2<15>      |dataout<23>    |   14.275|
data2<15>      |dataout<24>    |   14.627|
data2<15>      |dataout<25>    |   14.816|
data2<15>      |dataout<26>    |   14.737|
data2<15>      |dataout<27>    |   15.286|
data2<15>      |dataout<28>    |   15.117|
data2<15>      |dataout<29>    |   16.049|
data2<15>      |dataout<30>    |   16.245|
data2<15>      |dataout<31>    |   18.009|
data2<15>      |oflag          |   17.247|
data2<15>      |zflag          |   18.713|
data2<16>      |cflag          |   14.822|
data2<16>      |dataout<0>     |   15.728|
data2<16>      |dataout<16>    |    9.433|
data2<16>      |dataout<17>    |    9.319|
data2<16>      |dataout<18>    |    9.698|
data2<16>      |dataout<19>    |    9.785|
data2<16>      |dataout<20>    |   10.301|
data2<16>      |dataout<21>    |   10.947|
data2<16>      |dataout<22>    |   11.076|
data2<16>      |dataout<23>    |   11.848|
data2<16>      |dataout<24>    |   12.200|
data2<16>      |dataout<25>    |   12.389|
data2<16>      |dataout<26>    |   12.310|
data2<16>      |dataout<27>    |   12.859|
data2<16>      |dataout<28>    |   12.690|
data2<16>      |dataout<29>    |   13.622|
data2<16>      |dataout<30>    |   13.818|
data2<16>      |dataout<31>    |   15.582|
data2<16>      |oflag          |   14.820|
data2<16>      |zflag          |   16.286|
data2<17>      |cflag          |   14.343|
data2<17>      |dataout<0>     |   15.249|
data2<17>      |dataout<17>    |    8.782|
data2<17>      |dataout<18>    |    9.219|
data2<17>      |dataout<19>    |    9.306|
data2<17>      |dataout<20>    |    9.822|
data2<17>      |dataout<21>    |   10.468|
data2<17>      |dataout<22>    |   10.597|
data2<17>      |dataout<23>    |   11.369|
data2<17>      |dataout<24>    |   11.721|
data2<17>      |dataout<25>    |   11.910|
data2<17>      |dataout<26>    |   11.831|
data2<17>      |dataout<27>    |   12.380|
data2<17>      |dataout<28>    |   12.211|
data2<17>      |dataout<29>    |   13.143|
data2<17>      |dataout<30>    |   13.339|
data2<17>      |dataout<31>    |   15.103|
data2<17>      |oflag          |   14.341|
data2<17>      |zflag          |   15.807|
data2<18>      |cflag          |   13.566|
data2<18>      |dataout<0>     |   14.472|
data2<18>      |dataout<18>    |    8.514|
data2<18>      |dataout<19>    |    7.898|
data2<18>      |dataout<20>    |    9.045|
data2<18>      |dataout<21>    |    9.691|
data2<18>      |dataout<22>    |    9.820|
data2<18>      |dataout<23>    |   10.592|
data2<18>      |dataout<24>    |   10.944|
data2<18>      |dataout<25>    |   11.133|
data2<18>      |dataout<26>    |   11.054|
data2<18>      |dataout<27>    |   11.603|
data2<18>      |dataout<28>    |   11.434|
data2<18>      |dataout<29>    |   12.366|
data2<18>      |dataout<30>    |   12.562|
data2<18>      |dataout<31>    |   14.326|
data2<18>      |oflag          |   13.564|
data2<18>      |zflag          |   15.030|
data2<19>      |cflag          |   13.820|
data2<19>      |dataout<0>     |   14.726|
data2<19>      |dataout<19>    |    7.763|
data2<19>      |dataout<20>    |    9.299|
data2<19>      |dataout<21>    |    9.945|
data2<19>      |dataout<22>    |   10.074|
data2<19>      |dataout<23>    |   10.846|
data2<19>      |dataout<24>    |   11.198|
data2<19>      |dataout<25>    |   11.387|
data2<19>      |dataout<26>    |   11.308|
data2<19>      |dataout<27>    |   11.857|
data2<19>      |dataout<28>    |   11.688|
data2<19>      |dataout<29>    |   12.620|
data2<19>      |dataout<30>    |   12.816|
data2<19>      |dataout<31>    |   14.580|
data2<19>      |oflag          |   13.818|
data2<19>      |zflag          |   15.284|
data2<20>      |cflag          |   12.991|
data2<20>      |dataout<0>     |   13.897|
data2<20>      |dataout<20>    |    8.726|
data2<20>      |dataout<21>    |    8.646|
data2<20>      |dataout<22>    |    9.245|
data2<20>      |dataout<23>    |   10.017|
data2<20>      |dataout<24>    |   10.369|
data2<20>      |dataout<25>    |   10.558|
data2<20>      |dataout<26>    |   10.479|
data2<20>      |dataout<27>    |   11.028|
data2<20>      |dataout<28>    |   10.859|
data2<20>      |dataout<29>    |   11.791|
data2<20>      |dataout<30>    |   11.987|
data2<20>      |dataout<31>    |   13.751|
data2<20>      |oflag          |   12.989|
data2<20>      |zflag          |   14.455|
data2<21>      |cflag          |   13.297|
data2<21>      |dataout<0>     |   14.203|
data2<21>      |dataout<21>    |    8.858|
data2<21>      |dataout<22>    |    9.551|
data2<21>      |dataout<23>    |   10.323|
data2<21>      |dataout<24>    |   10.675|
data2<21>      |dataout<25>    |   10.864|
data2<21>      |dataout<26>    |   10.785|
data2<21>      |dataout<27>    |   11.334|
data2<21>      |dataout<28>    |   11.165|
data2<21>      |dataout<29>    |   12.097|
data2<21>      |dataout<30>    |   12.293|
data2<21>      |dataout<31>    |   14.057|
data2<21>      |oflag          |   13.295|
data2<21>      |zflag          |   14.761|
data2<22>      |cflag          |   12.067|
data2<22>      |dataout<0>     |   12.973|
data2<22>      |dataout<22>    |    7.938|
data2<22>      |dataout<23>    |    7.892|
data2<22>      |dataout<24>    |    9.445|
data2<22>      |dataout<25>    |    9.634|
data2<22>      |dataout<26>    |    9.555|
data2<22>      |dataout<27>    |   10.104|
data2<22>      |dataout<28>    |    9.935|
data2<22>      |dataout<29>    |   10.867|
data2<22>      |dataout<30>    |   11.063|
data2<22>      |dataout<31>    |   12.827|
data2<22>      |oflag          |   12.065|
data2<22>      |zflag          |   13.531|
data2<23>      |cflag          |   12.270|
data2<23>      |dataout<0>     |   13.176|
data2<23>      |dataout<23>    |    7.782|
data2<23>      |dataout<24>    |    9.648|
data2<23>      |dataout<25>    |    9.837|
data2<23>      |dataout<26>    |    9.758|
data2<23>      |dataout<27>    |   10.307|
data2<23>      |dataout<28>    |   10.138|
data2<23>      |dataout<29>    |   11.070|
data2<23>      |dataout<30>    |   11.266|
data2<23>      |dataout<31>    |   13.030|
data2<23>      |oflag          |   12.268|
data2<23>      |zflag          |   13.734|
data2<24>      |cflag          |   11.595|
data2<24>      |dataout<0>     |   12.501|
data2<24>      |dataout<24>    |    9.000|
data2<24>      |dataout<25>    |    8.931|
data2<24>      |dataout<26>    |    9.083|
data2<24>      |dataout<27>    |    9.632|
data2<24>      |dataout<28>    |    9.463|
data2<24>      |dataout<29>    |   10.395|
data2<24>      |dataout<30>    |   10.591|
data2<24>      |dataout<31>    |   12.355|
data2<24>      |oflag          |   11.593|
data2<24>      |zflag          |   13.059|
data2<25>      |cflag          |   11.128|
data2<25>      |dataout<0>     |   12.034|
data2<25>      |dataout<25>    |    8.590|
data2<25>      |dataout<26>    |    8.616|
data2<25>      |dataout<27>    |    9.165|
data2<25>      |dataout<28>    |    8.996|
data2<25>      |dataout<29>    |    9.928|
data2<25>      |dataout<30>    |   10.124|
data2<25>      |dataout<31>    |   11.888|
data2<25>      |oflag          |   11.126|
data2<25>      |zflag          |   12.592|
data2<26>      |cflag          |   10.541|
data2<26>      |dataout<0>     |   11.447|
data2<26>      |dataout<26>    |    8.538|
data2<26>      |dataout<27>    |    7.875|
data2<26>      |dataout<28>    |    8.409|
data2<26>      |dataout<29>    |    9.341|
data2<26>      |dataout<30>    |    9.537|
data2<26>      |dataout<31>    |   11.301|
data2<26>      |oflag          |   10.539|
data2<26>      |zflag          |   12.005|
data2<27>      |cflag          |   10.691|
data2<27>      |dataout<0>     |   11.597|
data2<27>      |dataout<27>    |    8.076|
data2<27>      |dataout<28>    |    8.559|
data2<27>      |dataout<29>    |    9.491|
data2<27>      |dataout<30>    |    9.687|
data2<27>      |dataout<31>    |   11.451|
data2<27>      |oflag          |   10.689|
data2<27>      |zflag          |   12.155|
data2<28>      |cflag          |   10.125|
data2<28>      |dataout<0>     |   11.031|
data2<28>      |dataout<28>    |    7.673|
data2<28>      |dataout<29>    |    8.038|
data2<28>      |dataout<30>    |    9.121|
data2<28>      |dataout<31>    |   10.885|
data2<28>      |oflag          |   10.123|
data2<28>      |zflag          |   11.589|
data2<29>      |cflag          |    9.764|
data2<29>      |dataout<0>     |   10.670|
data2<29>      |dataout<29>    |    7.866|
data2<29>      |dataout<30>    |    8.760|
data2<29>      |dataout<31>    |   10.524|
data2<29>      |oflag          |    9.762|
data2<29>      |zflag          |   11.228|
data2<30>      |cflag          |    9.038|
data2<30>      |dataout<0>     |    9.944|
data2<30>      |dataout<30>    |    8.522|
data2<30>      |dataout<31>    |    9.798|
data2<30>      |oflag          |    9.036|
data2<30>      |zflag          |   10.502|
data2<31>      |cflag          |    7.806|
data2<31>      |dataout<0>     |    8.721|
data2<31>      |dataout<31>    |    8.575|
data2<31>      |oflag          |    8.086|
data2<31>      |zflag          |    9.279|
---------------+---------------+---------+


Analysis completed Sun Apr 17 16:49:25 2016 
--------------------------------------------------------------------------------

Trace Settings:
-------------------------
Trace Settings 

Peak Memory Usage: 651 MB



